provinces = "locations.png"
rivers = "rivers.png"
topology = "heightmap.heightmap"
adjacencies = "adjacencies.csv"
setup = "definitions.txt"
ports = "ports.csv"
location_templates = "location_templates.txt"

equator_y = 3340
wrap_x = yes

#############
# VOLCANOES
#############
volcanoes = {
	northern_dragon_range_volcano
	southern_dragon_range_volcano
}

###################################
# All possible earthquake zones
###################################
earthquakes = {
}

#############
# SEA ZONES
#############
# European Seas
sea_zones = { 
	caldera_bay 4234 4420 4270 4129 4007 3978 3609 3627 3614 3750 3831 3938 3812 3926 3989 4084 3999 3982 3920 3760 3595 3527 3470 3440 3487 3432 3514 3801
} 

###############
# MAJOR RIVERS
###############
#river_provinces = { 628 630 }		#Thames

########
# LAKES
########
lakes = { 
} 

#####################
# IMPASSABLE TERRAIN
#####################
# Can be colored by whoever owns the most of the province's neighbors.
# Blocks unit movement.

impassable_mountains = {
	caldera_volcano
	northern_dragon_range_volcano
	southern_dragon_range_volcano
}

non_ownable = {
}